[07-Apr-2026 14:14:40 Europe/Berlin] PHP Notice:  session_start(): Ignoring session_start() because a session is already active in C:\xampp\htdocs\uard\admin\blog\create.php on line 4
[07-Apr-2026 14:14:42 Europe/Berlin] PHP Notice:  session_start(): Ignoring session_start() because a session is already active in C:\xampp\htdocs\uard\admin\blog\create.php on line 4
[07-Apr-2026 14:22:20 Europe/Berlin] PHP Notice:  session_start(): Ignoring session_start() because a session is already active in C:\xampp\htdocs\uard\admin\blog\create.php on line 4
[07-Apr-2026 14:22:32 Europe/Berlin] PHP Notice:  session_start(): Ignoring session_start() because a session is already active in C:\xampp\htdocs\uard\admin\blog\create.php on line 4
[07-Apr-2026 14:24:48 Europe/Berlin] PHP Notice:  session_start(): Ignoring session_start() because a session is already active in C:\xampp\htdocs\uard\admin\blog\create.php on line 4
[07-Apr-2026 14:24:50 Europe/Berlin] PHP Notice:  session_start(): Ignoring session_start() because a session is already active in C:\xampp\htdocs\uard\admin\blog\create.php on line 4
[07-Apr-2026 14:25:26 Europe/Berlin] PHP Notice:  session_start(): Ignoring session_start() because a session is already active in C:\xampp\htdocs\uard\admin\blog\create.php on line 4
[07-Apr-2026 14:45:46 Europe/Berlin] PHP Fatal error:  Uncaught Error: Call to undefined function truncate() in C:\xampp\htdocs\uard\admin\blog\index.php:376
Stack trace:
#0 {main}
  thrown in C:\xampp\htdocs\uard\admin\blog\index.php on line 376
[07-Apr-2026 19:46:56 Europe/Berlin] PHP Warning:  Cannot modify header information - headers already sent by (output started at C:\xampp\htdocs\uard\admin\includes\header.php:91) in C:\xampp\htdocs\uard\admin\blog\edit.php on line 93
[07-Apr-2026 21:09:46 Europe/Berlin] PHP Warning:  include(includes/header.html): Failed to open stream: No such file or directory in C:\xampp\htdocs\uard\blog-single.php on line 398
[07-Apr-2026 21:09:46 Europe/Berlin] PHP Warning:  include(): Failed opening 'includes/header.html' for inclusion (include_path='C:\xampp\php\PEAR') in C:\xampp\htdocs\uard\blog-single.php on line 398
[07-Apr-2026 21:09:46 Europe/Berlin] PHP Deprecated:  strtotime(): Passing null to parameter #1 ($datetime) of type string is deprecated in C:\xampp\htdocs\uard\blog-single.php on line 408
[07-Apr-2026 21:09:46 Europe/Berlin] PHP Deprecated:  strtotime(): Passing null to parameter #1 ($datetime) of type string is deprecated in C:\xampp\htdocs\uard\blog-single.php on line 442
[07-Apr-2026 21:09:46 Europe/Berlin] PHP Warning:  include(includes/footer.html): Failed to open stream: No such file or directory in C:\xampp\htdocs\uard\blog-single.php on line 490
[07-Apr-2026 21:09:46 Europe/Berlin] PHP Warning:  include(): Failed opening 'includes/footer.html' for inclusion (include_path='C:\xampp\php\PEAR') in C:\xampp\htdocs\uard\blog-single.php on line 490
[07-Apr-2026 21:10:23 Europe/Berlin] PHP Warning:  include(includes/header.html): Failed to open stream: No such file or directory in C:\xampp\htdocs\uard\blog-single.php on line 398
[07-Apr-2026 21:10:23 Europe/Berlin] PHP Warning:  include(): Failed opening 'includes/header.html' for inclusion (include_path='C:\xampp\php\PEAR') in C:\xampp\htdocs\uard\blog-single.php on line 398
[07-Apr-2026 21:10:23 Europe/Berlin] PHP Deprecated:  strtotime(): Passing null to parameter #1 ($datetime) of type string is deprecated in C:\xampp\htdocs\uard\blog-single.php on line 408
[07-Apr-2026 21:10:23 Europe/Berlin] PHP Deprecated:  strtotime(): Passing null to parameter #1 ($datetime) of type string is deprecated in C:\xampp\htdocs\uard\blog-single.php on line 442
[07-Apr-2026 21:10:23 Europe/Berlin] PHP Warning:  include(includes/footer.html): Failed to open stream: No such file or directory in C:\xampp\htdocs\uard\blog-single.php on line 490
[07-Apr-2026 21:10:23 Europe/Berlin] PHP Warning:  include(): Failed opening 'includes/footer.html' for inclusion (include_path='C:\xampp\php\PEAR') in C:\xampp\htdocs\uard\blog-single.php on line 490
[08-Apr-2026 13:19:15 Europe/Berlin] PHP Warning:  include(includes/header.html): Failed to open stream: No such file or directory in C:\xampp\htdocs\uard\blog-single.php on line 398
[08-Apr-2026 13:19:15 Europe/Berlin] PHP Warning:  include(): Failed opening 'includes/header.html' for inclusion (include_path='C:\xampp\php\PEAR') in C:\xampp\htdocs\uard\blog-single.php on line 398
[08-Apr-2026 13:19:15 Europe/Berlin] PHP Deprecated:  strtotime(): Passing null to parameter #1 ($datetime) of type string is deprecated in C:\xampp\htdocs\uard\blog-single.php on line 408
[08-Apr-2026 13:19:15 Europe/Berlin] PHP Deprecated:  strtotime(): Passing null to parameter #1 ($datetime) of type string is deprecated in C:\xampp\htdocs\uard\blog-single.php on line 442
[08-Apr-2026 13:19:15 Europe/Berlin] PHP Warning:  include(includes/footer.html): Failed to open stream: No such file or directory in C:\xampp\htdocs\uard\blog-single.php on line 490
[08-Apr-2026 13:19:15 Europe/Berlin] PHP Warning:  include(): Failed opening 'includes/footer.html' for inclusion (include_path='C:\xampp\php\PEAR') in C:\xampp\htdocs\uard\blog-single.php on line 490
[08-Apr-2026 13:21:45 Europe/Berlin] PHP Deprecated:  strtotime(): Passing null to parameter #1 ($datetime) of type string is deprecated in C:\xampp\htdocs\uard\blog-single.php on line 408
[08-Apr-2026 13:21:45 Europe/Berlin] PHP Deprecated:  strtotime(): Passing null to parameter #1 ($datetime) of type string is deprecated in C:\xampp\htdocs\uard\blog-single.php on line 442
[08-Apr-2026 15:09:21 Europe/Berlin] PHP Warning:  Undefined variable $pdo in C:\xampp\htdocs\uard\index.php on line 5
[08-Apr-2026 15:09:21 Europe/Berlin] PHP Fatal error:  Uncaught Error: Call to a member function prepare() on null in C:\xampp\htdocs\uard\index.php:5
Stack trace:
#0 {main}
  thrown in C:\xampp\htdocs\uard\index.php on line 5
[08-Apr-2026 15:10:18 Europe/Berlin] PHP Warning:  Undefined array key "program_name" in C:\xampp\htdocs\uard\index.php on line 245
[08-Apr-2026 15:10:27 Europe/Berlin] PHP Warning:  Undefined array key "program_name" in C:\xampp\htdocs\uard\index.php on line 245
[08-Apr-2026 15:10:28 Europe/Berlin] PHP Warning:  Undefined array key "program_name" in C:\xampp\htdocs\uard\index.php on line 245
[08-Apr-2026 15:10:28 Europe/Berlin] PHP Warning:  Undefined array key "program_name" in C:\xampp\htdocs\uard\index.php on line 245
[08-Apr-2026 15:10:58 Europe/Berlin] PHP Warning:  Undefined array key "program_name" in C:\xampp\htdocs\uard\index.php on line 245
[08-Apr-2026 15:19:43 Europe/Berlin] PHP Warning:  Undefined array key "program_name" in C:\xampp\htdocs\uard\index.php on line 245
[08-Apr-2026 15:19:48 Europe/Berlin] PHP Warning:  Undefined array key "program_name" in C:\xampp\htdocs\uard\index.php on line 245
[08-Apr-2026 15:21:51 Europe/Berlin] PHP Warning:  Undefined array key "program_name" in C:\xampp\htdocs\uard\index.php on line 245
[08-Apr-2026 17:25:08 Europe/Berlin] PHP Warning:  Undefined array key "program_name" in C:\xampp\htdocs\uard\index.php on line 245
[08-Apr-2026 17:25:18 Europe/Berlin] PHP Warning:  Undefined array key "program_name" in C:\xampp\htdocs\uard\index.php on line 245
[08-Apr-2026 17:28:05 Europe/Berlin] PHP Warning:  Undefined array key "program_name" in C:\xampp\htdocs\uard\index.php on line 245
[08-Apr-2026 17:47:14 Europe/Berlin] PHP Warning:  Undefined array key "program_name" in C:\xampp\htdocs\uard\index.php on line 245
[10-Apr-2026 09:16:01 Europe/Berlin] PHP Warning:  Undefined array key "program_name" in C:\xampp\htdocs\uard\index.php on line 245
[10-Apr-2026 09:16:20 Europe/Berlin] PHP Warning:  Undefined array key "program_name" in C:\xampp\htdocs\uard\index.php on line 245
[10-Apr-2026 09:17:34 Europe/Berlin] PHP Warning:  Undefined array key "program_name" in C:\xampp\htdocs\uard\index.php on line 245
[10-Apr-2026 11:27:29 Europe/Berlin] PHP Warning:  Undefined array key "program_name" in C:\xampp\htdocs\uard\index.php on line 245
[10-Apr-2026 11:27:37 Europe/Berlin] PHP Warning:  Undefined array key "program_name" in C:\xampp\htdocs\uard\index.php on line 245
[10-Apr-2026 11:56:13 Europe/Berlin] PHP Warning:  Undefined array key "program_name" in C:\xampp\htdocs\uard\index.php on line 245
[10-Apr-2026 11:58:14 Europe/Berlin] PHP Warning:  Undefined array key "program_name" in C:\xampp\htdocs\uard\index.php on line 245
[10-Apr-2026 12:20:06 Europe/Berlin] PHP Warning:  Undefined array key "program_name" in C:\xampp\htdocs\uard\index.php on line 245
[10-Apr-2026 12:20:33 Europe/Berlin] PHP Warning:  Undefined array key "program_name" in C:\xampp\htdocs\uard\index.php on line 245
[10-Apr-2026 12:33:01 Europe/Berlin] PHP Warning:  Undefined array key "program_name" in C:\xampp\htdocs\uard\index.php on line 245
[10-Apr-2026 12:33:07 Europe/Berlin] PHP Warning:  Undefined array key "program_name" in C:\xampp\htdocs\uard\index.php on line 245
[10-Apr-2026 12:39:31 Europe/Berlin] PHP Warning:  Undefined array key "program_name" in C:\xampp\htdocs\uard\index.php on line 245
[10-Apr-2026 12:39:41 Europe/Berlin] PHP Warning:  Undefined array key "program_name" in C:\xampp\htdocs\uard\index.php on line 245
[10-Apr-2026 12:41:28 Europe/Berlin] PHP Warning:  Undefined array key "program_name" in C:\xampp\htdocs\uard\index.php on line 245
[10-Apr-2026 12:44:50 Europe/Berlin] PHP Warning:  Undefined array key "program_name" in C:\xampp\htdocs\uard\index.php on line 245
[10-Apr-2026 12:45:25 Europe/Berlin] PHP Warning:  Undefined array key "program_name" in C:\xampp\htdocs\uard\index.php on line 245
[10-Apr-2026 12:49:48 Europe/Berlin] PHP Warning:  Undefined array key "program_name" in C:\xampp\htdocs\uard\index.php on line 245
[10-Apr-2026 12:50:12 Europe/Berlin] PHP Warning:  Undefined array key "program_name" in C:\xampp\htdocs\uard\index.php on line 245
[10-Apr-2026 12:50:27 Europe/Berlin] PHP Warning:  Undefined array key "program_name" in C:\xampp\htdocs\uard\index.php on line 245
[10-Apr-2026 13:01:27 Europe/Berlin] PHP Warning:  Undefined array key "program_name" in C:\xampp\htdocs\uard\index.php on line 245
[10-Apr-2026 13:02:33 Europe/Berlin] PHP Warning:  Undefined array key "program_name" in C:\xampp\htdocs\uard\index.php on line 245
[10-Apr-2026 13:03:47 Europe/Berlin] PHP Warning:  Undefined array key "program_name" in C:\xampp\htdocs\uard\index.php on line 245
[10-Apr-2026 13:03:49 Europe/Berlin] PHP Warning:  Undefined array key "program_name" in C:\xampp\htdocs\uard\index.php on line 245
[10-Apr-2026 13:03:51 Europe/Berlin] PHP Warning:  Undefined array key "program_name" in C:\xampp\htdocs\uard\index.php on line 245
[10-Apr-2026 13:03:51 Europe/Berlin] PHP Warning:  Undefined array key "program_name" in C:\xampp\htdocs\uard\index.php on line 245
[10-Apr-2026 13:03:56 Europe/Berlin] PHP Warning:  Undefined array key "program_name" in C:\xampp\htdocs\uard\index.php on line 245
[10-Apr-2026 13:04:57 Europe/Berlin] PHP Warning:  Undefined array key "program_name" in C:\xampp\htdocs\uard\index.php on line 245
[10-Apr-2026 13:04:57 Europe/Berlin] PHP Warning:  Undefined array key "program_name" in C:\xampp\htdocs\uard\index.php on line 245
[10-Apr-2026 13:06:29 Europe/Berlin] PHP Warning:  Undefined array key "program_name" in C:\xampp\htdocs\uard\index.php on line 245
[10-Apr-2026 13:06:41 Europe/Berlin] PHP Warning:  Undefined array key "program_name" in C:\xampp\htdocs\uard\index.php on line 245
[10-Apr-2026 13:09:10 Europe/Berlin] PHP Warning:  Undefined array key "program_name" in C:\xampp\htdocs\uard\index.php on line 245
[2026-04-11 14:16:21] === CONFIG.PHP INITIALIZED ===
--------------------------------------------------------------------------------
[2026-04-11 14:16:21] Server info
Array
(
    [document_root] => C:/xampp/htdocs
    [upload_path] => C:\xampp\htdocs\uard/uploads/
    [upload_url] => http://localhost/uard/uploads/
    [php_version] => 8.2.12
    [session_id] => mrv2sk86t0dce9j7ut8qvdqeeb
)

--------------------------------------------------------------------------------
[11-Apr-2026 14:16:21 Europe/Berlin] PHP Warning:  Undefined array key "program_name" in C:\xampp\htdocs\uard\index.php on line 245
[2026-04-11 14:49:41] === CONFIG.PHP INITIALIZED ===
--------------------------------------------------------------------------------
[2026-04-11 14:49:41] Server info
Array
(
    [document_root] => C:/xampp/htdocs
    [upload_path] => C:\xampp\htdocs\uard/uploads/
    [upload_url] => http://localhost/uard/uploads/
    [php_version] => 8.2.12
    [session_id] => mrv2sk86t0dce9j7ut8qvdqeeb
)

--------------------------------------------------------------------------------
[2026-05-12 18:34:35] === CONFIG.PHP INITIALIZED ===
--------------------------------------------------------------------------------
[2026-05-12 18:34:35] Server info
Array
(
    [document_root] => C:/xampp/htdocs
    [upload_path] => C:\xampp\htdocs\uard/uploads/
    [upload_url] => http://localhost/uard/uploads/
    [php_version] => 8.2.12
    [session_id] => nuo5i3enp1dh8gvsh8egbu4aiu
)

--------------------------------------------------------------------------------
[2026-05-12 18:34:47] === CONFIG.PHP INITIALIZED ===
--------------------------------------------------------------------------------
[2026-05-12 18:34:47] Server info
Array
(
    [document_root] => C:/xampp/htdocs
    [upload_path] => C:\xampp\htdocs\uard/uploads/
    [upload_url] => http://localhost/uard/uploads/
    [php_version] => 8.2.12
    [session_id] => nuo5i3enp1dh8gvsh8egbu4aiu
)

--------------------------------------------------------------------------------
[2026-05-12 18:34:48] === CONFIG.PHP INITIALIZED ===
--------------------------------------------------------------------------------
[2026-05-12 18:34:48] Server info
Array
(
    [document_root] => C:/xampp/htdocs
    [upload_path] => C:\xampp\htdocs\uard/uploads/
    [upload_url] => http://localhost/uard/uploads/
    [php_version] => 8.2.12
    [session_id] => nuo5i3enp1dh8gvsh8egbu4aiu
)

--------------------------------------------------------------------------------
[2026-05-12 18:34:56] === CONFIG.PHP INITIALIZED ===
--------------------------------------------------------------------------------
[2026-05-12 18:34:56] Server info
Array
(
    [document_root] => C:/xampp/htdocs
    [upload_path] => C:\xampp\htdocs\uard/uploads/
    [upload_url] => http://localhost/uard/uploads/
    [php_version] => 8.2.12
    [session_id] => nuo5i3enp1dh8gvsh8egbu4aiu
)

--------------------------------------------------------------------------------
[12-May-2026 18:34:56 Europe/Berlin] PHP Fatal error:  Uncaught PDOException: SQLSTATE[42S02]: Base table or view not found: 1146 Table 'united_academy.online_courses' doesn't exist in C:\xampp\htdocs\uard\admin\online-courses\index.php:48
Stack trace:
#0 C:\xampp\htdocs\uard\admin\online-courses\index.php(48): PDO->prepare('SELECT oc.*, u....')
#1 {main}
  thrown in C:\xampp\htdocs\uard\admin\online-courses\index.php on line 48
[2026-05-12 18:47:29] === CONFIG.PHP INITIALIZED ===
--------------------------------------------------------------------------------
[2026-05-12 18:47:29] Server info
Array
(
    [document_root] => C:/xampp/htdocs
    [upload_path] => C:\xampp\htdocs\uard/uploads/
    [upload_url] => http://localhost/uard/uploads/
    [php_version] => 8.2.12
    [session_id] => nuo5i3enp1dh8gvsh8egbu4aiu
)

--------------------------------------------------------------------------------
[2026-05-12 18:47:33] === CONFIG.PHP INITIALIZED ===
--------------------------------------------------------------------------------
[2026-05-12 18:47:33] Server info
Array
(
    [document_root] => C:/xampp/htdocs
    [upload_path] => C:\xampp\htdocs\uard/uploads/
    [upload_url] => http://localhost/uard/uploads/
    [php_version] => 8.2.12
    [session_id] => nuo5i3enp1dh8gvsh8egbu4aiu
)

--------------------------------------------------------------------------------
[2026-05-12 18:47:34] === CONFIG.PHP INITIALIZED ===
--------------------------------------------------------------------------------
[2026-05-12 18:47:34] Server info
Array
(
    [document_root] => C:/xampp/htdocs
    [upload_path] => C:\xampp\htdocs\uard/uploads/
    [upload_url] => http://localhost/uard/uploads/
    [php_version] => 8.2.12
    [session_id] => nuo5i3enp1dh8gvsh8egbu4aiu
)

--------------------------------------------------------------------------------
[12-May-2026 18:47:34 Europe/Berlin] PHP Warning:  Trying to access array offset on value of type null in C:\xampp\htdocs\uard\admin\online-courses\create.php on line 476
[12-May-2026 18:47:34 Europe/Berlin] PHP Warning:  Trying to access array offset on value of type null in C:\xampp\htdocs\uard\admin\online-courses\create.php on line 496
[2026-05-12 18:50:03] === CONFIG.PHP INITIALIZED ===
--------------------------------------------------------------------------------
[2026-05-12 18:50:03] Server info
Array
(
    [document_root] => C:/xampp/htdocs
    [upload_path] => C:\xampp\htdocs\uard/uploads/
    [upload_url] => http://localhost/uard/uploads/
    [php_version] => 8.2.12
    [session_id] => nuo5i3enp1dh8gvsh8egbu4aiu
)

--------------------------------------------------------------------------------
[2026-05-12 18:50:27] === CONFIG.PHP INITIALIZED ===
--------------------------------------------------------------------------------
[2026-05-12 18:50:27] Server info
Array
(
    [document_root] => C:/xampp/htdocs
    [upload_path] => C:\xampp\htdocs\uard/uploads/
    [upload_url] => http://localhost/uard/uploads/
    [php_version] => 8.2.12
    [session_id] => nuo5i3enp1dh8gvsh8egbu4aiu
)

--------------------------------------------------------------------------------
[12-May-2026 18:50:27 Europe/Berlin] PHP Warning:  Undefined array key "program_name" in C:\xampp\htdocs\uard\index.php on line 245
[2026-05-12 18:50:39] === CONFIG.PHP INITIALIZED ===
--------------------------------------------------------------------------------
[2026-05-12 18:50:39] Server info
Array
(
    [document_root] => C:/xampp/htdocs
    [upload_path] => C:\xampp\htdocs\uard/uploads/
    [upload_url] => http://localhost/uard/uploads/
    [php_version] => 8.2.12
    [session_id] => nuo5i3enp1dh8gvsh8egbu4aiu
)

--------------------------------------------------------------------------------
[12-May-2026 18:50:39 Europe/Berlin] PHP Warning:  Undefined array key "program_name" in C:\xampp\htdocs\uard\index.php on line 245
[2026-05-12 18:50:45] === CONFIG.PHP INITIALIZED ===
--------------------------------------------------------------------------------
[2026-05-12 18:50:45] Server info
Array
(
    [document_root] => C:/xampp/htdocs
    [upload_path] => C:\xampp\htdocs\uard/uploads/
    [upload_url] => http://localhost/uard/uploads/
    [php_version] => 8.2.12
    [session_id] => nuo5i3enp1dh8gvsh8egbu4aiu
)

--------------------------------------------------------------------------------
[2026-05-12 18:51:11] === CONFIG.PHP INITIALIZED ===
--------------------------------------------------------------------------------
[2026-05-12 18:51:11] Server info
Array
(
    [document_root] => C:/xampp/htdocs
    [upload_path] => C:\xampp\htdocs\uard/uploads/
    [upload_url] => http://localhost/uard/uploads/
    [php_version] => 8.2.12
    [session_id] => nuo5i3enp1dh8gvsh8egbu4aiu
)

--------------------------------------------------------------------------------
[2026-05-12 18:51:13] === CONFIG.PHP INITIALIZED ===
--------------------------------------------------------------------------------
[2026-05-12 18:51:13] Server info
Array
(
    [document_root] => C:/xampp/htdocs
    [upload_path] => C:\xampp\htdocs\uard/uploads/
    [upload_url] => http://localhost/uard/uploads/
    [php_version] => 8.2.12
    [session_id] => nuo5i3enp1dh8gvsh8egbu4aiu
)

--------------------------------------------------------------------------------
[2026-05-12 18:53:21] === CONFIG.PHP INITIALIZED ===
--------------------------------------------------------------------------------
[2026-05-12 18:53:21] Server info
Array
(
    [document_root] => C:/xampp/htdocs
    [upload_path] => C:\xampp\htdocs\uard/uploads/
    [upload_url] => http://localhost/uard/uploads/
    [php_version] => 8.2.12
    [session_id] => nuo5i3enp1dh8gvsh8egbu4aiu
)

--------------------------------------------------------------------------------
[12-May-2026 18:53:21 Europe/Berlin] PHP Warning:  Undefined array key "program_name" in C:\xampp\htdocs\uard\index.php on line 245
[2026-05-12 18:54:11] === CONFIG.PHP INITIALIZED ===
--------------------------------------------------------------------------------
[2026-05-12 18:54:11] Server info
Array
(
    [document_root] => C:/xampp/htdocs
    [upload_path] => C:\xampp\htdocs\uard/uploads/
    [upload_url] => http://localhost/uard/uploads/
    [php_version] => 8.2.12
    [session_id] => nuo5i3enp1dh8gvsh8egbu4aiu
)

--------------------------------------------------------------------------------
[2026-05-12 18:57:53] === CONFIG.PHP INITIALIZED ===
--------------------------------------------------------------------------------
[2026-05-12 18:57:53] Server info
Array
(
    [document_root] => C:/xampp/htdocs
    [upload_path] => C:\xampp\htdocs\uard/uploads/
    [upload_url] => http://localhost/uard/uploads/
    [php_version] => 8.2.12
    [session_id] => nuo5i3enp1dh8gvsh8egbu4aiu
)

--------------------------------------------------------------------------------
[2026-05-12 18:57:58] === CONFIG.PHP INITIALIZED ===
--------------------------------------------------------------------------------
[2026-05-12 18:57:58] Server info
Array
(
    [document_root] => C:/xampp/htdocs
    [upload_path] => C:\xampp\htdocs\uard/uploads/
    [upload_url] => http://localhost/uard/uploads/
    [php_version] => 8.2.12
    [session_id] => nuo5i3enp1dh8gvsh8egbu4aiu
)

--------------------------------------------------------------------------------
[2026-05-12 19:07:24] === CONFIG.PHP INITIALIZED ===
--------------------------------------------------------------------------------
[2026-05-12 19:07:24] Server info
Array
(
    [document_root] => C:/xampp/htdocs
    [upload_path] => C:\xampp\htdocs\uard/uploads/
    [upload_url] => http://localhost/uard/uploads/
    [php_version] => 8.2.12
    [session_id] => nuo5i3enp1dh8gvsh8egbu4aiu
)

--------------------------------------------------------------------------------
[12-May-2026 19:07:24 Europe/Berlin] PHP Fatal error:  Uncaught Error: Call to undefined function getSetting() in C:\xampp\htdocs\uard\online-courses.php:719
Stack trace:
#0 {main}
  thrown in C:\xampp\htdocs\uard\online-courses.php on line 719
[2026-05-12 19:13:32] === CONFIG.PHP INITIALIZED ===
--------------------------------------------------------------------------------
[2026-05-12 19:13:32] Server info
Array
(
    [document_root] => C:/xampp/htdocs
    [upload_path] => C:\xampp\htdocs\uard/uploads/
    [upload_url] => http://localhost/uard/uploads/
    [php_version] => 8.2.12
    [session_id] => nuo5i3enp1dh8gvsh8egbu4aiu
)

--------------------------------------------------------------------------------
[2026-05-12 19:13:38] === CONFIG.PHP INITIALIZED ===
--------------------------------------------------------------------------------
[2026-05-12 19:13:38] Server info
Array
(
    [document_root] => C:/xampp/htdocs
    [upload_path] => C:\xampp\htdocs\uard/uploads/
    [upload_url] => http://localhost/uard/uploads/
    [php_version] => 8.2.12
    [session_id] => nuo5i3enp1dh8gvsh8egbu4aiu
)

--------------------------------------------------------------------------------
[2026-05-12 19:13:46] === CONFIG.PHP INITIALIZED ===
--------------------------------------------------------------------------------
[2026-05-12 19:13:46] Server info
Array
(
    [document_root] => C:/xampp/htdocs
    [upload_path] => C:\xampp\htdocs\uard/uploads/
    [upload_url] => http://localhost/uard/uploads/
    [php_version] => 8.2.12
    [session_id] => nuo5i3enp1dh8gvsh8egbu4aiu
)

--------------------------------------------------------------------------------
[2026-05-12 19:13:49] === CONFIG.PHP INITIALIZED ===
--------------------------------------------------------------------------------
[2026-05-12 19:13:49] Server info
Array
(
    [document_root] => C:/xampp/htdocs
    [upload_path] => C:\xampp\htdocs\uard/uploads/
    [upload_url] => http://localhost/uard/uploads/
    [php_version] => 8.2.12
    [session_id] => nuo5i3enp1dh8gvsh8egbu4aiu
)

--------------------------------------------------------------------------------
[2026-05-12 19:20:50] === CONFIG.PHP INITIALIZED ===
--------------------------------------------------------------------------------
[2026-05-12 19:20:50] Server info
Array
(
    [document_root] => C:/xampp/htdocs
    [upload_path] => C:\xampp\htdocs\uard/uploads/
    [upload_url] => http://localhost/uard/uploads/
    [php_version] => 8.2.12
    [session_id] => nuo5i3enp1dh8gvsh8egbu4aiu
)

--------------------------------------------------------------------------------
[2026-05-12 19:20:52] === CONFIG.PHP INITIALIZED ===
--------------------------------------------------------------------------------
[2026-05-12 19:20:52] Server info
Array
(
    [document_root] => C:/xampp/htdocs
    [upload_path] => C:\xampp\htdocs\uard/uploads/
    [upload_url] => http://localhost/uard/uploads/
    [php_version] => 8.2.12
    [session_id] => nuo5i3enp1dh8gvsh8egbu4aiu
)

--------------------------------------------------------------------------------
[2026-05-12 19:21:07] === CONFIG.PHP INITIALIZED ===
--------------------------------------------------------------------------------
[2026-05-12 19:21:07] Server info
Array
(
    [document_root] => C:/xampp/htdocs
    [upload_path] => C:\xampp\htdocs\uard/uploads/
    [upload_url] => http://localhost/uard/uploads/
    [php_version] => 8.2.12
    [session_id] => nuo5i3enp1dh8gvsh8egbu4aiu
)

--------------------------------------------------------------------------------
[2026-05-12 19:25:09] === CONFIG.PHP INITIALIZED ===
--------------------------------------------------------------------------------
[2026-05-12 19:25:09] Server info
Array
(
    [document_root] => C:/xampp/htdocs
    [upload_path] => C:\xampp\htdocs\uard/uploads/
    [upload_url] => http://localhost/uard/uploads/
    [php_version] => 8.2.12
    [session_id] => nuo5i3enp1dh8gvsh8egbu4aiu
)

--------------------------------------------------------------------------------
[2026-05-12 19:25:12] === CONFIG.PHP INITIALIZED ===
--------------------------------------------------------------------------------
[2026-05-12 19:25:12] Server info
Array
(
    [document_root] => C:/xampp/htdocs
    [upload_path] => C:\xampp\htdocs\uard/uploads/
    [upload_url] => http://localhost/uard/uploads/
    [php_version] => 8.2.12
    [session_id] => nuo5i3enp1dh8gvsh8egbu4aiu
)

--------------------------------------------------------------------------------
[2026-05-12 19:25:15] === CONFIG.PHP INITIALIZED ===
--------------------------------------------------------------------------------
[2026-05-12 19:25:15] Server info
Array
(
    [document_root] => C:/xampp/htdocs
    [upload_path] => C:\xampp\htdocs\uard/uploads/
    [upload_url] => http://localhost/uard/uploads/
    [php_version] => 8.2.12
    [session_id] => nuo5i3enp1dh8gvsh8egbu4aiu
)

--------------------------------------------------------------------------------
[12-May-2026 19:25:15 Europe/Berlin] PHP Warning:  Trying to access array offset on value of type null in C:\xampp\htdocs\uard\admin\online-courses\create.php on line 476
[12-May-2026 19:25:15 Europe/Berlin] PHP Warning:  Trying to access array offset on value of type null in C:\xampp\htdocs\uard\admin\online-courses\create.php on line 496
